// Vitest Snapshot v1, https://vitest.dev/guide/snapshot.html

exports[`snapshot > renders kitchen-sink layer covering every behavior shape 1`] = `
"// Generated ZMK keymap for Corne
// Keymap: default

#include <behaviors.dtsi>
#include <dt-bindings/zmk/keys.h>
#include <dt-bindings/zmk/bt.h>
#include <dt-bindings/zmk/outputs.h>
#include <dt-bindings/zmk/rgb.h>
#include <dt-bindings/zmk/backlight.h>
#include <dt-bindings/zmk/ext_power.h>
#include <dt-bindings/zmk/mouse.h>
#include <dt-bindings/zmk/reset.h>
#include <dt-bindings/zmk/studio.h>

// Layer indices
#define L0 0

/ {
    keymap {
        compatible = "zmk,keymap";

        layer_0 {
            label = "Kitchen Sink";
            bindings = <
                &kp A
                &kp LC(LS(A))
                &mt LSHFT A
                &lt 1 SPACE
                &mo 2
                &to 1
                &tog 0
                &sl 1
                &sk LSHFT
                &kt A
                &trans
                &none
                &caps_word
                &key_repeat
                &bt BT_SEL 0
                &out OUT_TOG
                &rgb_ug RGB_TOG
                &bl BL_TOG
                &ext_power EP_TOG
                &mkp MB1
                &sys_reset
                &bootloader
                &studio_unlock
            >;
        };
    };
};
"
`;
